// Jest Snapshot v1, https://goo.gl/fbAQLP

exports[`<HelperPage /> rendered 1`] = `
<WithStyles(HelperPage)>
  <HelperPage
    classes={
      Object {
        "container": "HelperPage-container-1",
        "title": "HelperPage-title-2",
      }
    }
    hide={false}
    pageTitle={null}
    stopExternalLoader={[Function]}
    wikiPageId={null}
  >
    <div
      className="HelperPage-container-1"
    >
      <WithStyles(PageTitle)
        Icon={[Function]}
        containerTitleClass="HelperPage-title-2"
        subtitle={null}
        title="Resumo da rotina"
      >
        <PageTitle
          Icon={[Function]}
          classes={
            Object {
              "avatar": "PageTitle-avatar-7",
              "avatarIcon": "PageTitle-avatarIcon-8",
              "container": "PageTitle-container-3",
              "containerHelpIcons": "PageTitle-containerHelpIcons-5",
              "containerTitle": "PageTitle-containerTitle-4",
              "containerWikiHelp": "PageTitle-containerWikiHelp-6",
              "helpBtn": "PageTitle-helpBtn-12",
              "subtitle": "PageTitle-subtitle-10",
              "title": "PageTitle-title-11",
              "uppercase": "PageTitle-uppercase-9",
            }
          }
          containerTitleClass="HelperPage-title-2"
          customDocsButton={null}
          subtitle={null}
          summaryButton={false}
          title="Resumo da rotina"
          wikiPageId={null}
        >
          <div
            className="PageTitle-container-3"
          >
            <div
              className="PageTitle-containerTitle-4 HelperPage-title-2"
            >
              <WithStyles(Avatar)
                className="PageTitle-avatar-7"
              >
                <Avatar
                  className="PageTitle-avatar-7"
                  classes={
                    Object {
                      "colorDefault": "MuiAvatar-colorDefault-14",
                      "img": "MuiAvatar-img-15",
                      "root": "MuiAvatar-root-13",
                    }
                  }
                  component="div"
                >
                  <div
                    className="MuiAvatar-root-13 MuiAvatar-colorDefault-14 PageTitle-avatar-7"
                  >
                    <pure(SchoolIcon)
                      className="PageTitle-avatarIcon-8"
                    >
                      <SchoolIcon
                        className="PageTitle-avatarIcon-8"
                      >
                        <WithStyles(SvgIcon)
                          className="PageTitle-avatarIcon-8"
                        >
                          <SvgIcon
                            className="PageTitle-avatarIcon-8"
                            classes={
                              Object {
                                "colorAction": "MuiSvgIcon-colorAction-19",
                                "colorDisabled": "MuiSvgIcon-colorDisabled-21",
                                "colorError": "MuiSvgIcon-colorError-20",
                                "colorPrimary": "MuiSvgIcon-colorPrimary-17",
                                "colorSecondary": "MuiSvgIcon-colorSecondary-18",
                                "fontSizeInherit": "MuiSvgIcon-fontSizeInherit-22",
                                "fontSizeLarge": "MuiSvgIcon-fontSizeLarge-24",
                                "fontSizeSmall": "MuiSvgIcon-fontSizeSmall-23",
                                "root": "MuiSvgIcon-root-16",
                              }
                            }
                            color="inherit"
                            component="svg"
                            fontSize="default"
                            viewBox="0 0 24 24"
                          >
                            <svg
                              aria-hidden="true"
                              className="MuiSvgIcon-root-16 PageTitle-avatarIcon-8"
                              focusable="false"
                              role="presentation"
                              viewBox="0 0 24 24"
                            >
                              <path
                                d="M0 0h24v24H0z"
                                fill="none"
                              />
                              <path
                                d="M5 13.18v4L12 21l7-3.82v-4L12 17l-7-3.82zM12 3L1 9l11 6 9-4.91V17h2V9L12 3z"
                              />
                            </svg>
                          </SvgIcon>
                        </WithStyles(SvgIcon)>
                      </SchoolIcon>
                    </pure(SchoolIcon)>
                  </div>
                </Avatar>
              </WithStyles(Avatar)>
              <div>
                <WithStyles(Typography)
                  className="PageTitle-subtitle-10 PageTitle-uppercase-9"
                  gutterBottom={true}
                  noWrap={true}
                  variant="caption"
                >
                  <Typography
                    align="inherit"
                    className="PageTitle-subtitle-10 PageTitle-uppercase-9"
                    classes={
                      Object {
                        "alignCenter": "MuiTypography-alignCenter-48",
                        "alignJustify": "MuiTypography-alignJustify-50",
                        "alignLeft": "MuiTypography-alignLeft-47",
                        "alignRight": "MuiTypography-alignRight-49",
                        "body1": "MuiTypography-body1-34",
                        "body2": "MuiTypography-body2-33",
                        "button": "MuiTypography-button-36",
                        "caption": "MuiTypography-caption-35",
                        "colorError": "MuiTypography-colorError-59",
                        "colorInherit": "MuiTypography-colorInherit-54",
                        "colorPrimary": "MuiTypography-colorPrimary-55",
                        "colorSecondary": "MuiTypography-colorSecondary-56",
                        "colorTextPrimary": "MuiTypography-colorTextPrimary-57",
                        "colorTextSecondary": "MuiTypography-colorTextSecondary-58",
                        "display1": "MuiTypography-display1-29",
                        "display2": "MuiTypography-display2-28",
                        "display3": "MuiTypography-display3-27",
                        "display4": "MuiTypography-display4-26",
                        "gutterBottom": "MuiTypography-gutterBottom-52",
                        "h1": "MuiTypography-h1-37",
                        "h2": "MuiTypography-h2-38",
                        "h3": "MuiTypography-h3-39",
                        "h4": "MuiTypography-h4-40",
                        "h5": "MuiTypography-h5-41",
                        "h6": "MuiTypography-h6-42",
                        "headline": "MuiTypography-headline-30",
                        "inline": "MuiTypography-inline-60",
                        "noWrap": "MuiTypography-noWrap-51",
                        "overline": "MuiTypography-overline-45",
                        "paragraph": "MuiTypography-paragraph-53",
                        "root": "MuiTypography-root-25",
                        "srOnly": "MuiTypography-srOnly-46",
                        "subheading": "MuiTypography-subheading-32",
                        "subtitle1": "MuiTypography-subtitle1-43",
                        "subtitle2": "MuiTypography-subtitle2-44",
                        "title": "MuiTypography-title-31",
                      }
                    }
                    color="default"
                    gutterBottom={true}
                    headlineMapping={
                      Object {
                        "body1": "p",
                        "body2": "p",
                        "display1": "h1",
                        "display2": "h1",
                        "display3": "h1",
                        "display4": "h1",
                        "h1": "h1",
                        "h2": "h2",
                        "h3": "h3",
                        "h4": "h4",
                        "h5": "h5",
                        "h6": "h6",
                        "headline": "h1",
                        "subheading": "h3",
                        "subtitle1": "h6",
                        "subtitle2": "h6",
                        "title": "h2",
                      }
                    }
                    inline={false}
                    noWrap={true}
                    paragraph={false}
                    theme={
                      Object {
                        "breakpoints": Object {
                          "between": [Function],
                          "down": [Function],
                          "keys": Array [
                            "xs",
                            "sm",
                            "md",
                            "lg",
                            "xl",
                          ],
                          "only": [Function],
                          "up": [Function],
                          "values": Object {
                            "lg": 1280,
                            "md": 960,
                            "sm": 600,
                            "xl": 1920,
                            "xs": 0,
                          },
                          "width": [Function],
                        },
                        "direction": "ltr",
                        "mixins": Object {
                          "gutters": [Function],
                          "toolbar": Object {
                            "@media (min-width:0px) and (orientation: landscape)": Object {
                              "minHeight": 48,
                            },
                            "@media (min-width:600px)": Object {
                              "minHeight": 64,
                            },
                            "minHeight": 56,
                          },
                        },
                        "overrides": Object {},
                        "palette": Object {
                          "action": Object {
                            "active": "rgba(0, 0, 0, 0.54)",
                            "disabled": "rgba(0, 0, 0, 0.26)",
                            "disabledBackground": "rgba(0, 0, 0, 0.12)",
                            "hover": "rgba(0, 0, 0, 0.08)",
                            "hoverOpacity": 0.08,
                            "selected": "rgba(0, 0, 0, 0.14)",
                          },
                          "augmentColor": [Function],
                          "background": Object {
                            "default": "#fafafa",
                            "paper": "#fff",
                          },
                          "common": Object {
                            "black": "#000",
                            "white": "#fff",
                          },
                          "contrastThreshold": 3,
                          "divider": "rgba(0, 0, 0, 0.12)",
                          "error": Object {
                            "contrastText": "#fff",
                            "dark": "#d32f2f",
                            "light": "#e57373",
                            "main": "#f44336",
                          },
                          "getContrastText": [Function],
                          "grey": Object {
                            "100": "#f5f5f5",
                            "200": "#eeeeee",
                            "300": "#e0e0e0",
                            "400": "#bdbdbd",
                            "50": "#fafafa",
                            "500": "#9e9e9e",
                            "600": "#757575",
                            "700": "#616161",
                            "800": "#424242",
                            "900": "#212121",
                            "A100": "#d5d5d5",
                            "A200": "#aaaaaa",
                            "A400": "#303030",
                            "A700": "#616161",
                          },
                          "primary": Object {
                            "contrastText": "#fff",
                            "dark": "#303f9f",
                            "light": "#7986cb",
                            "main": "#3f51b5",
                          },
                          "secondary": Object {
                            "contrastText": "#fff",
                            "dark": "#c51162",
                            "light": "#ff4081",
                            "main": "#f50057",
                          },
                          "text": Object {
                            "disabled": "rgba(0, 0, 0, 0.38)",
                            "hint": "rgba(0, 0, 0, 0.38)",
                            "primary": "rgba(0, 0, 0, 0.87)",
                            "secondary": "rgba(0, 0, 0, 0.54)",
                          },
                          "tonalOffset": 0.2,
                          "type": "light",
                        },
                        "props": Object {},
                        "shadows": Array [
                          "none",
                          "0px 1px 3px 0px rgba(0,0,0,0.2),0px 1px 1px 0px rgba(0,0,0,0.14),0px 2px 1px -1px rgba(0,0,0,0.12)",
                          "0px 1px 5px 0px rgba(0,0,0,0.2),0px 2px 2px 0px rgba(0,0,0,0.14),0px 3px 1px -2px rgba(0,0,0,0.12)",
                          "0px 1px 8px 0px rgba(0,0,0,0.2),0px 3px 4px 0px rgba(0,0,0,0.14),0px 3px 3px -2px rgba(0,0,0,0.12)",
                          "0px 2px 4px -1px rgba(0,0,0,0.2),0px 4px 5px 0px rgba(0,0,0,0.14),0px 1px 10px 0px rgba(0,0,0,0.12)",
                          "0px 3px 5px -1px rgba(0,0,0,0.2),0px 5px 8px 0px rgba(0,0,0,0.14),0px 1px 14px 0px rgba(0,0,0,0.12)",
                          "0px 3px 5px -1px rgba(0,0,0,0.2),0px 6px 10px 0px rgba(0,0,0,0.14),0px 1px 18px 0px rgba(0,0,0,0.12)",
                          "0px 4px 5px -2px rgba(0,0,0,0.2),0px 7px 10px 1px rgba(0,0,0,0.14),0px 2px 16px 1px rgba(0,0,0,0.12)",
                          "0px 5px 5px -3px rgba(0,0,0,0.2),0px 8px 10px 1px rgba(0,0,0,0.14),0px 3px 14px 2px rgba(0,0,0,0.12)",
                          "0px 5px 6px -3px rgba(0,0,0,0.2),0px 9px 12px 1px rgba(0,0,0,0.14),0px 3px 16px 2px rgba(0,0,0,0.12)",
                          "0px 6px 6px -3px rgba(0,0,0,0.2),0px 10px 14px 1px rgba(0,0,0,0.14),0px 4px 18px 3px rgba(0,0,0,0.12)",
                          "0px 6px 7px -4px rgba(0,0,0,0.2),0px 11px 15px 1px rgba(0,0,0,0.14),0px 4px 20px 3px rgba(0,0,0,0.12)",
                          "0px 7px 8px -4px rgba(0,0,0,0.2),0px 12px 17px 2px rgba(0,0,0,0.14),0px 5px 22px 4px rgba(0,0,0,0.12)",
                          "0px 7px 8px -4px rgba(0,0,0,0.2),0px 13px 19px 2px rgba(0,0,0,0.14),0px 5px 24px 4px rgba(0,0,0,0.12)",
                          "0px 7px 9px -4px rgba(0,0,0,0.2),0px 14px 21px 2px rgba(0,0,0,0.14),0px 5px 26px 4px rgba(0,0,0,0.12)",
                          "0px 8px 9px -5px rgba(0,0,0,0.2),0px 15px 22px 2px rgba(0,0,0,0.14),0px 6px 28px 5px rgba(0,0,0,0.12)",
                          "0px 8px 10px -5px rgba(0,0,0,0.2),0px 16px 24px 2px rgba(0,0,0,0.14),0px 6px 30px 5px rgba(0,0,0,0.12)",
                          "0px 8px 11px -5px rgba(0,0,0,0.2),0px 17px 26px 2px rgba(0,0,0,0.14),0px 6px 32px 5px rgba(0,0,0,0.12)",
                          "0px 9px 11px -5px rgba(0,0,0,0.2),0px 18px 28px 2px rgba(0,0,0,0.14),0px 7px 34px 6px rgba(0,0,0,0.12)",
                          "0px 9px 12px -6px rgba(0,0,0,0.2),0px 19px 29px 2px rgba(0,0,0,0.14),0px 7px 36px 6px rgba(0,0,0,0.12)",
                          "0px 10px 13px -6px rgba(0,0,0,0.2),0px 20px 31px 3px rgba(0,0,0,0.14),0px 8px 38px 7px rgba(0,0,0,0.12)",
                          "0px 10px 13px -6px rgba(0,0,0,0.2),0px 21px 33px 3px rgba(0,0,0,0.14),0px 8px 40px 7px rgba(0,0,0,0.12)",
                          "0px 10px 14px -6px rgba(0,0,0,0.2),0px 22px 35px 3px rgba(0,0,0,0.14),0px 8px 42px 7px rgba(0,0,0,0.12)",
                          "0px 11px 14px -7px rgba(0,0,0,0.2),0px 23px 36px 3px rgba(0,0,0,0.14),0px 9px 44px 8px rgba(0,0,0,0.12)",
                          "0px 11px 15px -7px rgba(0,0,0,0.2),0px 24px 38px 3px rgba(0,0,0,0.14),0px 9px 46px 8px rgba(0,0,0,0.12)",
                        ],
                        "shape": Object {
                          "borderRadius": 4,
                        },
                        "spacing": Object {
                          "unit": 8,
                        },
                        "transitions": Object {
                          "create": [Function],
                          "duration": Object {
                            "complex": 375,
                            "enteringScreen": 225,
                            "leavingScreen": 195,
                            "short": 250,
                            "shorter": 200,
                            "shortest": 150,
                            "standard": 300,
                          },
                          "easing": Object {
                            "easeIn": "cubic-bezier(0.4, 0, 1, 1)",
                            "easeInOut": "cubic-bezier(0.4, 0, 0.2, 1)",
                            "easeOut": "cubic-bezier(0.0, 0, 0.2, 1)",
                            "sharp": "cubic-bezier(0.4, 0, 0.6, 1)",
                          },
                          "getAutoHeightDuration": [Function],
                        },
                        "typography": Object {
                          "body1": Object {
                            "color": "rgba(0, 0, 0, 0.87)",
                            "fontFamily": "\\"Roboto\\", \\"Helvetica\\", \\"Arial\\", sans-serif",
                            "fontSize": "0.875rem",
                            "fontWeight": 400,
                            "lineHeight": "1.46429em",
                          },
                          "body1Next": Object {
                            "color": "rgba(0, 0, 0, 0.87)",
                            "fontFamily": "\\"Roboto\\", \\"Helvetica\\", \\"Arial\\", sans-serif",
                            "fontSize": "1rem",
                            "fontWeight": 400,
                            "letterSpacing": "0.00938em",
                            "lineHeight": 1.5,
                          },
                          "body2": Object {
                            "color": "rgba(0, 0, 0, 0.87)",
                            "fontFamily": "\\"Roboto\\", \\"Helvetica\\", \\"Arial\\", sans-serif",
                            "fontSize": "0.875rem",
                            "fontWeight": 500,
                            "lineHeight": "1.71429em",
                          },
                          "body2Next": Object {
                            "color": "rgba(0, 0, 0, 0.87)",
                            "fontFamily": "\\"Roboto\\", \\"Helvetica\\", \\"Arial\\", sans-serif",
                            "fontSize": "0.875rem",
                            "fontWeight": 400,
                            "letterSpacing": "0.01071em",
                            "lineHeight": 1.5,
                          },
                          "button": Object {
                            "color": "rgba(0, 0, 0, 0.87)",
                            "fontFamily": "\\"Roboto\\", \\"Helvetica\\", \\"Arial\\", sans-serif",
                            "fontSize": "0.875rem",
                            "fontWeight": 500,
                            "textTransform": "uppercase",
                          },
                          "buttonNext": Object {
                            "color": "rgba(0, 0, 0, 0.87)",
                            "fontFamily": "\\"Roboto\\", \\"Helvetica\\", \\"Arial\\", sans-serif",
                            "fontSize": "0.875rem",
                            "fontWeight": 500,
                            "letterSpacing": "0.02857em",
                            "lineHeight": 1.75,
                            "textTransform": "uppercase",
                          },
                          "caption": Object {
                            "color": "rgba(0, 0, 0, 0.54)",
                            "fontFamily": "\\"Roboto\\", \\"Helvetica\\", \\"Arial\\", sans-serif",
                            "fontSize": "0.75rem",
                            "fontWeight": 400,
                            "lineHeight": "1.375em",
                          },
                          "captionNext": Object {
                            "color": "rgba(0, 0, 0, 0.87)",
                            "fontFamily": "\\"Roboto\\", \\"Helvetica\\", \\"Arial\\", sans-serif",
                            "fontSize": "0.75rem",
                            "fontWeight": 400,
                            "letterSpacing": "0.03333em",
                            "lineHeight": 1.66,
                          },
                          "display1": Object {
                            "color": "rgba(0, 0, 0, 0.54)",
                            "fontFamily": "\\"Roboto\\", \\"Helvetica\\", \\"Arial\\", sans-serif",
                            "fontSize": "2.125rem",
                            "fontWeight": 400,
                            "lineHeight": "1.20588em",
                          },
                          "display2": Object {
                            "color": "rgba(0, 0, 0, 0.54)",
                            "fontFamily": "\\"Roboto\\", \\"Helvetica\\", \\"Arial\\", sans-serif",
                            "fontSize": "2.8125rem",
                            "fontWeight": 400,
                            "lineHeight": "1.13333em",
                            "marginLeft": "-.02em",
                          },
                          "display3": Object {
                            "color": "rgba(0, 0, 0, 0.54)",
                            "fontFamily": "\\"Roboto\\", \\"Helvetica\\", \\"Arial\\", sans-serif",
                            "fontSize": "3.5rem",
                            "fontWeight": 400,
                            "letterSpacing": "-.02em",
                            "lineHeight": "1.30357em",
                            "marginLeft": "-.02em",
                          },
                          "display4": Object {
                            "color": "rgba(0, 0, 0, 0.54)",
                            "fontFamily": "\\"Roboto\\", \\"Helvetica\\", \\"Arial\\", sans-serif",
                            "fontSize": "7rem",
                            "fontWeight": 300,
                            "letterSpacing": "-.04em",
                            "lineHeight": "1.14286em",
                            "marginLeft": "-.04em",
                          },
                          "fontFamily": "\\"Roboto\\", \\"Helvetica\\", \\"Arial\\", sans-serif",
                          "fontSize": 14,
                          "fontWeightLight": 300,
                          "fontWeightMedium": 500,
                          "fontWeightRegular": 400,
                          "h1": Object {
                            "color": "rgba(0, 0, 0, 0.87)",
                            "fontFamily": "\\"Roboto\\", \\"Helvetica\\", \\"Arial\\", sans-serif",
                            "fontSize": "6rem",
                            "fontWeight": 300,
                            "letterSpacing": "-0.01562em",
                            "lineHeight": 1,
                          },
                          "h2": Object {
                            "color": "rgba(0, 0, 0, 0.87)",
                            "fontFamily": "\\"Roboto\\", \\"Helvetica\\", \\"Arial\\", sans-serif",
                            "fontSize": "3.75rem",
                            "fontWeight": 300,
                            "letterSpacing": "-0.00833em",
                            "lineHeight": 1,
                          },
                          "h3": Object {
                            "color": "rgba(0, 0, 0, 0.87)",
                            "fontFamily": "\\"Roboto\\", \\"Helvetica\\", \\"Arial\\", sans-serif",
                            "fontSize": "3rem",
                            "fontWeight": 400,
                            "letterSpacing": "0em",
                            "lineHeight": 1.04,
                          },
                          "h4": Object {
                            "color": "rgba(0, 0, 0, 0.87)",
                            "fontFamily": "\\"Roboto\\", \\"Helvetica\\", \\"Arial\\", sans-serif",
                            "fontSize": "2.125rem",
                            "fontWeight": 400,
                            "letterSpacing": "0.00735em",
                            "lineHeight": 1.17,
                          },
                          "h5": Object {
                            "color": "rgba(0, 0, 0, 0.87)",
                            "fontFamily": "\\"Roboto\\", \\"Helvetica\\", \\"Arial\\", sans-serif",
                            "fontSize": "1.5rem",
                            "fontWeight": 400,
                            "letterSpacing": "0em",
                            "lineHeight": 1.33,
                          },
                          "h6": Object {
                            "color": "rgba(0, 0, 0, 0.87)",
                            "fontFamily": "\\"Roboto\\", \\"Helvetica\\", \\"Arial\\", sans-serif",
                            "fontSize": "1.25rem",
                            "fontWeight": 500,
                            "letterSpacing": "0.0075em",
                            "lineHeight": 1.6,
                          },
                          "headline": Object {
                            "color": "rgba(0, 0, 0, 0.87)",
                            "fontFamily": "\\"Roboto\\", \\"Helvetica\\", \\"Arial\\", sans-serif",
                            "fontSize": "1.5rem",
                            "fontWeight": 400,
                            "lineHeight": "1.35417em",
                          },
                          "overline": Object {
                            "color": "rgba(0, 0, 0, 0.87)",
                            "fontFamily": "\\"Roboto\\", \\"Helvetica\\", \\"Arial\\", sans-serif",
                            "fontSize": "0.75rem",
                            "fontWeight": 400,
                            "letterSpacing": "0.08333em",
                            "lineHeight": 2.66,
                            "textTransform": "uppercase",
                          },
                          "pxToRem": [Function],
                          "round": [Function],
                          "subheading": Object {
                            "color": "rgba(0, 0, 0, 0.87)",
                            "fontFamily": "\\"Roboto\\", \\"Helvetica\\", \\"Arial\\", sans-serif",
                            "fontSize": "1rem",
                            "fontWeight": 400,
                            "lineHeight": "1.5em",
                          },
                          "subtitle1": Object {
                            "color": "rgba(0, 0, 0, 0.87)",
                            "fontFamily": "\\"Roboto\\", \\"Helvetica\\", \\"Arial\\", sans-serif",
                            "fontSize": "1rem",
                            "fontWeight": 400,
                            "letterSpacing": "0.00938em",
                            "lineHeight": 1.75,
                          },
                          "subtitle2": Object {
                            "color": "rgba(0, 0, 0, 0.87)",
                            "fontFamily": "\\"Roboto\\", \\"Helvetica\\", \\"Arial\\", sans-serif",
                            "fontSize": "0.875rem",
                            "fontWeight": 500,
                            "letterSpacing": "0.00714em",
                            "lineHeight": 1.57,
                          },
                          "title": Object {
                            "color": "rgba(0, 0, 0, 0.87)",
                            "fontFamily": "\\"Roboto\\", \\"Helvetica\\", \\"Arial\\", sans-serif",
                            "fontSize": "1.3125rem",
                            "fontWeight": 500,
                            "lineHeight": "1.16667em",
                          },
                          "useNextVariants": false,
                        },
                        "zIndex": Object {
                          "appBar": 1100,
                          "drawer": 1200,
                          "mobileStepper": 1000,
                          "modal": 1300,
                          "snackbar": 1400,
                          "tooltip": 1500,
                        },
                      }
                    }
                    variant="caption"
                  >
                    <span
                      className="MuiTypography-root-25 MuiTypography-caption-35 MuiTypography-noWrap-51 MuiTypography-gutterBottom-52 PageTitle-subtitle-10 PageTitle-uppercase-9"
                    />
                  </Typography>
                </WithStyles(Typography)>
                <WithStyles(Typography)
                  className="PageTitle-title-11 PageTitle-uppercase-9"
                  color="primary"
                  noWrap={true}
                  variant="h5"
                >
                  <Typography
                    align="inherit"
                    className="PageTitle-title-11 PageTitle-uppercase-9"
                    classes={
                      Object {
                        "alignCenter": "MuiTypography-alignCenter-48",
                        "alignJustify": "MuiTypography-alignJustify-50",
                        "alignLeft": "MuiTypography-alignLeft-47",
                        "alignRight": "MuiTypography-alignRight-49",
                        "body1": "MuiTypography-body1-34",
                        "body2": "MuiTypography-body2-33",
                        "button": "MuiTypography-button-36",
                        "caption": "MuiTypography-caption-35",
                        "colorError": "MuiTypography-colorError-59",
                        "colorInherit": "MuiTypography-colorInherit-54",
                        "colorPrimary": "MuiTypography-colorPrimary-55",
                        "colorSecondary": "MuiTypography-colorSecondary-56",
                        "colorTextPrimary": "MuiTypography-colorTextPrimary-57",
                        "colorTextSecondary": "MuiTypography-colorTextSecondary-58",
                        "display1": "MuiTypography-display1-29",
                        "display2": "MuiTypography-display2-28",
                        "display3": "MuiTypography-display3-27",
                        "display4": "MuiTypography-display4-26",
                        "gutterBottom": "MuiTypography-gutterBottom-52",
                        "h1": "MuiTypography-h1-37",
                        "h2": "MuiTypography-h2-38",
                        "h3": "MuiTypography-h3-39",
                        "h4": "MuiTypography-h4-40",
                        "h5": "MuiTypography-h5-41",
                        "h6": "MuiTypography-h6-42",
                        "headline": "MuiTypography-headline-30",
                        "inline": "MuiTypography-inline-60",
                        "noWrap": "MuiTypography-noWrap-51",
                        "overline": "MuiTypography-overline-45",
                        "paragraph": "MuiTypography-paragraph-53",
                        "root": "MuiTypography-root-25",
                        "srOnly": "MuiTypography-srOnly-46",
                        "subheading": "MuiTypography-subheading-32",
                        "subtitle1": "MuiTypography-subtitle1-43",
                        "subtitle2": "MuiTypography-subtitle2-44",
                        "title": "MuiTypography-title-31",
                      }
                    }
                    color="primary"
                    gutterBottom={false}
                    headlineMapping={
                      Object {
                        "body1": "p",
                        "body2": "p",
                        "display1": "h1",
                        "display2": "h1",
                        "display3": "h1",
                        "display4": "h1",
                        "h1": "h1",
                        "h2": "h2",
                        "h3": "h3",
                        "h4": "h4",
                        "h5": "h5",
                        "h6": "h6",
                        "headline": "h1",
                        "subheading": "h3",
                        "subtitle1": "h6",
                        "subtitle2": "h6",
                        "title": "h2",
                      }
                    }
                    inline={false}
                    noWrap={true}
                    paragraph={false}
                    theme={
                      Object {
                        "breakpoints": Object {
                          "between": [Function],
                          "down": [Function],
                          "keys": Array [
                            "xs",
                            "sm",
                            "md",
                            "lg",
                            "xl",
                          ],
                          "only": [Function],
                          "up": [Function],
                          "values": Object {
                            "lg": 1280,
                            "md": 960,
                            "sm": 600,
                            "xl": 1920,
                            "xs": 0,
                          },
                          "width": [Function],
                        },
                        "direction": "ltr",
                        "mixins": Object {
                          "gutters": [Function],
                          "toolbar": Object {
                            "@media (min-width:0px) and (orientation: landscape)": Object {
                              "minHeight": 48,
                            },
                            "@media (min-width:600px)": Object {
                              "minHeight": 64,
                            },
                            "minHeight": 56,
                          },
                        },
                        "overrides": Object {},
                        "palette": Object {
                          "action": Object {
                            "active": "rgba(0, 0, 0, 0.54)",
                            "disabled": "rgba(0, 0, 0, 0.26)",
                            "disabledBackground": "rgba(0, 0, 0, 0.12)",
                            "hover": "rgba(0, 0, 0, 0.08)",
                            "hoverOpacity": 0.08,
                            "selected": "rgba(0, 0, 0, 0.14)",
                          },
                          "augmentColor": [Function],
                          "background": Object {
                            "default": "#fafafa",
                            "paper": "#fff",
                          },
                          "common": Object {
                            "black": "#000",
                            "white": "#fff",
                          },
                          "contrastThreshold": 3,
                          "divider": "rgba(0, 0, 0, 0.12)",
                          "error": Object {
                            "contrastText": "#fff",
                            "dark": "#d32f2f",
                            "light": "#e57373",
                            "main": "#f44336",
                          },
                          "getContrastText": [Function],
                          "grey": Object {
                            "100": "#f5f5f5",
                            "200": "#eeeeee",
                            "300": "#e0e0e0",
                            "400": "#bdbdbd",
                            "50": "#fafafa",
                            "500": "#9e9e9e",
                            "600": "#757575",
                            "700": "#616161",
                            "800": "#424242",
                            "900": "#212121",
                            "A100": "#d5d5d5",
                            "A200": "#aaaaaa",
                            "A400": "#303030",
                            "A700": "#616161",
                          },
                          "primary": Object {
                            "contrastText": "#fff",
                            "dark": "#303f9f",
                            "light": "#7986cb",
                            "main": "#3f51b5",
                          },
                          "secondary": Object {
                            "contrastText": "#fff",
                            "dark": "#c51162",
                            "light": "#ff4081",
                            "main": "#f50057",
                          },
                          "text": Object {
                            "disabled": "rgba(0, 0, 0, 0.38)",
                            "hint": "rgba(0, 0, 0, 0.38)",
                            "primary": "rgba(0, 0, 0, 0.87)",
                            "secondary": "rgba(0, 0, 0, 0.54)",
                          },
                          "tonalOffset": 0.2,
                          "type": "light",
                        },
                        "props": Object {},
                        "shadows": Array [
                          "none",
                          "0px 1px 3px 0px rgba(0,0,0,0.2),0px 1px 1px 0px rgba(0,0,0,0.14),0px 2px 1px -1px rgba(0,0,0,0.12)",
                          "0px 1px 5px 0px rgba(0,0,0,0.2),0px 2px 2px 0px rgba(0,0,0,0.14),0px 3px 1px -2px rgba(0,0,0,0.12)",
                          "0px 1px 8px 0px rgba(0,0,0,0.2),0px 3px 4px 0px rgba(0,0,0,0.14),0px 3px 3px -2px rgba(0,0,0,0.12)",
                          "0px 2px 4px -1px rgba(0,0,0,0.2),0px 4px 5px 0px rgba(0,0,0,0.14),0px 1px 10px 0px rgba(0,0,0,0.12)",
                          "0px 3px 5px -1px rgba(0,0,0,0.2),0px 5px 8px 0px rgba(0,0,0,0.14),0px 1px 14px 0px rgba(0,0,0,0.12)",
                          "0px 3px 5px -1px rgba(0,0,0,0.2),0px 6px 10px 0px rgba(0,0,0,0.14),0px 1px 18px 0px rgba(0,0,0,0.12)",
                          "0px 4px 5px -2px rgba(0,0,0,0.2),0px 7px 10px 1px rgba(0,0,0,0.14),0px 2px 16px 1px rgba(0,0,0,0.12)",
                          "0px 5px 5px -3px rgba(0,0,0,0.2),0px 8px 10px 1px rgba(0,0,0,0.14),0px 3px 14px 2px rgba(0,0,0,0.12)",
                          "0px 5px 6px -3px rgba(0,0,0,0.2),0px 9px 12px 1px rgba(0,0,0,0.14),0px 3px 16px 2px rgba(0,0,0,0.12)",
                          "0px 6px 6px -3px rgba(0,0,0,0.2),0px 10px 14px 1px rgba(0,0,0,0.14),0px 4px 18px 3px rgba(0,0,0,0.12)",
                          "0px 6px 7px -4px rgba(0,0,0,0.2),0px 11px 15px 1px rgba(0,0,0,0.14),0px 4px 20px 3px rgba(0,0,0,0.12)",
                          "0px 7px 8px -4px rgba(0,0,0,0.2),0px 12px 17px 2px rgba(0,0,0,0.14),0px 5px 22px 4px rgba(0,0,0,0.12)",
                          "0px 7px 8px -4px rgba(0,0,0,0.2),0px 13px 19px 2px rgba(0,0,0,0.14),0px 5px 24px 4px rgba(0,0,0,0.12)",
                          "0px 7px 9px -4px rgba(0,0,0,0.2),0px 14px 21px 2px rgba(0,0,0,0.14),0px 5px 26px 4px rgba(0,0,0,0.12)",
                          "0px 8px 9px -5px rgba(0,0,0,0.2),0px 15px 22px 2px rgba(0,0,0,0.14),0px 6px 28px 5px rgba(0,0,0,0.12)",
                          "0px 8px 10px -5px rgba(0,0,0,0.2),0px 16px 24px 2px rgba(0,0,0,0.14),0px 6px 30px 5px rgba(0,0,0,0.12)",
                          "0px 8px 11px -5px rgba(0,0,0,0.2),0px 17px 26px 2px rgba(0,0,0,0.14),0px 6px 32px 5px rgba(0,0,0,0.12)",
                          "0px 9px 11px -5px rgba(0,0,0,0.2),0px 18px 28px 2px rgba(0,0,0,0.14),0px 7px 34px 6px rgba(0,0,0,0.12)",
                          "0px 9px 12px -6px rgba(0,0,0,0.2),0px 19px 29px 2px rgba(0,0,0,0.14),0px 7px 36px 6px rgba(0,0,0,0.12)",
                          "0px 10px 13px -6px rgba(0,0,0,0.2),0px 20px 31px 3px rgba(0,0,0,0.14),0px 8px 38px 7px rgba(0,0,0,0.12)",
                          "0px 10px 13px -6px rgba(0,0,0,0.2),0px 21px 33px 3px rgba(0,0,0,0.14),0px 8px 40px 7px rgba(0,0,0,0.12)",
                          "0px 10px 14px -6px rgba(0,0,0,0.2),0px 22px 35px 3px rgba(0,0,0,0.14),0px 8px 42px 7px rgba(0,0,0,0.12)",
                          "0px 11px 14px -7px rgba(0,0,0,0.2),0px 23px 36px 3px rgba(0,0,0,0.14),0px 9px 44px 8px rgba(0,0,0,0.12)",
                          "0px 11px 15px -7px rgba(0,0,0,0.2),0px 24px 38px 3px rgba(0,0,0,0.14),0px 9px 46px 8px rgba(0,0,0,0.12)",
                        ],
                        "shape": Object {
                          "borderRadius": 4,
                        },
                        "spacing": Object {
                          "unit": 8,
                        },
                        "transitions": Object {
                          "create": [Function],
                          "duration": Object {
                            "complex": 375,
                            "enteringScreen": 225,
                            "leavingScreen": 195,
                            "short": 250,
                            "shorter": 200,
                            "shortest": 150,
                            "standard": 300,
                          },
                          "easing": Object {
                            "easeIn": "cubic-bezier(0.4, 0, 1, 1)",
                            "easeInOut": "cubic-bezier(0.4, 0, 0.2, 1)",
                            "easeOut": "cubic-bezier(0.0, 0, 0.2, 1)",
                            "sharp": "cubic-bezier(0.4, 0, 0.6, 1)",
                          },
                          "getAutoHeightDuration": [Function],
                        },
                        "typography": Object {
                          "body1": Object {
                            "color": "rgba(0, 0, 0, 0.87)",
                            "fontFamily": "\\"Roboto\\", \\"Helvetica\\", \\"Arial\\", sans-serif",
                            "fontSize": "0.875rem",
                            "fontWeight": 400,
                            "lineHeight": "1.46429em",
                          },
                          "body1Next": Object {
                            "color": "rgba(0, 0, 0, 0.87)",
                            "fontFamily": "\\"Roboto\\", \\"Helvetica\\", \\"Arial\\", sans-serif",
                            "fontSize": "1rem",
                            "fontWeight": 400,
                            "letterSpacing": "0.00938em",
                            "lineHeight": 1.5,
                          },
                          "body2": Object {
                            "color": "rgba(0, 0, 0, 0.87)",
                            "fontFamily": "\\"Roboto\\", \\"Helvetica\\", \\"Arial\\", sans-serif",
                            "fontSize": "0.875rem",
                            "fontWeight": 500,
                            "lineHeight": "1.71429em",
                          },
                          "body2Next": Object {
                            "color": "rgba(0, 0, 0, 0.87)",
                            "fontFamily": "\\"Roboto\\", \\"Helvetica\\", \\"Arial\\", sans-serif",
                            "fontSize": "0.875rem",
                            "fontWeight": 400,
                            "letterSpacing": "0.01071em",
                            "lineHeight": 1.5,
                          },
                          "button": Object {
                            "color": "rgba(0, 0, 0, 0.87)",
                            "fontFamily": "\\"Roboto\\", \\"Helvetica\\", \\"Arial\\", sans-serif",
                            "fontSize": "0.875rem",
                            "fontWeight": 500,
                            "textTransform": "uppercase",
                          },
                          "buttonNext": Object {
                            "color": "rgba(0, 0, 0, 0.87)",
                            "fontFamily": "\\"Roboto\\", \\"Helvetica\\", \\"Arial\\", sans-serif",
                            "fontSize": "0.875rem",
                            "fontWeight": 500,
                            "letterSpacing": "0.02857em",
                            "lineHeight": 1.75,
                            "textTransform": "uppercase",
                          },
                          "caption": Object {
                            "color": "rgba(0, 0, 0, 0.54)",
                            "fontFamily": "\\"Roboto\\", \\"Helvetica\\", \\"Arial\\", sans-serif",
                            "fontSize": "0.75rem",
                            "fontWeight": 400,
                            "lineHeight": "1.375em",
                          },
                          "captionNext": Object {
                            "color": "rgba(0, 0, 0, 0.87)",
                            "fontFamily": "\\"Roboto\\", \\"Helvetica\\", \\"Arial\\", sans-serif",
                            "fontSize": "0.75rem",
                            "fontWeight": 400,
                            "letterSpacing": "0.03333em",
                            "lineHeight": 1.66,
                          },
                          "display1": Object {
                            "color": "rgba(0, 0, 0, 0.54)",
                            "fontFamily": "\\"Roboto\\", \\"Helvetica\\", \\"Arial\\", sans-serif",
                            "fontSize": "2.125rem",
                            "fontWeight": 400,
                            "lineHeight": "1.20588em",
                          },
                          "display2": Object {
                            "color": "rgba(0, 0, 0, 0.54)",
                            "fontFamily": "\\"Roboto\\", \\"Helvetica\\", \\"Arial\\", sans-serif",
                            "fontSize": "2.8125rem",
                            "fontWeight": 400,
                            "lineHeight": "1.13333em",
                            "marginLeft": "-.02em",
                          },
                          "display3": Object {
                            "color": "rgba(0, 0, 0, 0.54)",
                            "fontFamily": "\\"Roboto\\", \\"Helvetica\\", \\"Arial\\", sans-serif",
                            "fontSize": "3.5rem",
                            "fontWeight": 400,
                            "letterSpacing": "-.02em",
                            "lineHeight": "1.30357em",
                            "marginLeft": "-.02em",
                          },
                          "display4": Object {
                            "color": "rgba(0, 0, 0, 0.54)",
                            "fontFamily": "\\"Roboto\\", \\"Helvetica\\", \\"Arial\\", sans-serif",
                            "fontSize": "7rem",
                            "fontWeight": 300,
                            "letterSpacing": "-.04em",
                            "lineHeight": "1.14286em",
                            "marginLeft": "-.04em",
                          },
                          "fontFamily": "\\"Roboto\\", \\"Helvetica\\", \\"Arial\\", sans-serif",
                          "fontSize": 14,
                          "fontWeightLight": 300,
                          "fontWeightMedium": 500,
                          "fontWeightRegular": 400,
                          "h1": Object {
                            "color": "rgba(0, 0, 0, 0.87)",
                            "fontFamily": "\\"Roboto\\", \\"Helvetica\\", \\"Arial\\", sans-serif",
                            "fontSize": "6rem",
                            "fontWeight": 300,
                            "letterSpacing": "-0.01562em",
                            "lineHeight": 1,
                          },
                          "h2": Object {
                            "color": "rgba(0, 0, 0, 0.87)",
                            "fontFamily": "\\"Roboto\\", \\"Helvetica\\", \\"Arial\\", sans-serif",
                            "fontSize": "3.75rem",
                            "fontWeight": 300,
                            "letterSpacing": "-0.00833em",
                            "lineHeight": 1,
                          },
                          "h3": Object {
                            "color": "rgba(0, 0, 0, 0.87)",
                            "fontFamily": "\\"Roboto\\", \\"Helvetica\\", \\"Arial\\", sans-serif",
                            "fontSize": "3rem",
                            "fontWeight": 400,
                            "letterSpacing": "0em",
                            "lineHeight": 1.04,
                          },
                          "h4": Object {
                            "color": "rgba(0, 0, 0, 0.87)",
                            "fontFamily": "\\"Roboto\\", \\"Helvetica\\", \\"Arial\\", sans-serif",
                            "fontSize": "2.125rem",
                            "fontWeight": 400,
                            "letterSpacing": "0.00735em",
                            "lineHeight": 1.17,
                          },
                          "h5": Object {
                            "color": "rgba(0, 0, 0, 0.87)",
                            "fontFamily": "\\"Roboto\\", \\"Helvetica\\", \\"Arial\\", sans-serif",
                            "fontSize": "1.5rem",
                            "fontWeight": 400,
                            "letterSpacing": "0em",
                            "lineHeight": 1.33,
                          },
                          "h6": Object {
                            "color": "rgba(0, 0, 0, 0.87)",
                            "fontFamily": "\\"Roboto\\", \\"Helvetica\\", \\"Arial\\", sans-serif",
                            "fontSize": "1.25rem",
                            "fontWeight": 500,
                            "letterSpacing": "0.0075em",
                            "lineHeight": 1.6,
                          },
                          "headline": Object {
                            "color": "rgba(0, 0, 0, 0.87)",
                            "fontFamily": "\\"Roboto\\", \\"Helvetica\\", \\"Arial\\", sans-serif",
                            "fontSize": "1.5rem",
                            "fontWeight": 400,
                            "lineHeight": "1.35417em",
                          },
                          "overline": Object {
                            "color": "rgba(0, 0, 0, 0.87)",
                            "fontFamily": "\\"Roboto\\", \\"Helvetica\\", \\"Arial\\", sans-serif",
                            "fontSize": "0.75rem",
                            "fontWeight": 400,
                            "letterSpacing": "0.08333em",
                            "lineHeight": 2.66,
                            "textTransform": "uppercase",
                          },
                          "pxToRem": [Function],
                          "round": [Function],
                          "subheading": Object {
                            "color": "rgba(0, 0, 0, 0.87)",
                            "fontFamily": "\\"Roboto\\", \\"Helvetica\\", \\"Arial\\", sans-serif",
                            "fontSize": "1rem",
                            "fontWeight": 400,
                            "lineHeight": "1.5em",
                          },
                          "subtitle1": Object {
                            "color": "rgba(0, 0, 0, 0.87)",
                            "fontFamily": "\\"Roboto\\", \\"Helvetica\\", \\"Arial\\", sans-serif",
                            "fontSize": "1rem",
                            "fontWeight": 400,
                            "letterSpacing": "0.00938em",
                            "lineHeight": 1.75,
                          },
                          "subtitle2": Object {
                            "color": "rgba(0, 0, 0, 0.87)",
                            "fontFamily": "\\"Roboto\\", \\"Helvetica\\", \\"Arial\\", sans-serif",
                            "fontSize": "0.875rem",
                            "fontWeight": 500,
                            "letterSpacing": "0.00714em",
                            "lineHeight": 1.57,
                          },
                          "title": Object {
                            "color": "rgba(0, 0, 0, 0.87)",
                            "fontFamily": "\\"Roboto\\", \\"Helvetica\\", \\"Arial\\", sans-serif",
                            "fontSize": "1.3125rem",
                            "fontWeight": 500,
                            "lineHeight": "1.16667em",
                          },
                          "useNextVariants": false,
                        },
                        "zIndex": Object {
                          "appBar": 1100,
                          "drawer": 1200,
                          "mobileStepper": 1000,
                          "modal": 1300,
                          "snackbar": 1400,
                          "tooltip": 1500,
                        },
                      }
                    }
                    variant="h5"
                  >
                    <h5
                      className="MuiTypography-root-25 MuiTypography-h5-41 MuiTypography-colorPrimary-55 MuiTypography-noWrap-51 PageTitle-title-11 PageTitle-uppercase-9"
                    >
                      Resumo da rotina
                    </h5>
                  </Typography>
                </WithStyles(Typography)>
              </div>
            </div>
            <div
              className="PageTitle-containerHelpIcons-5"
            />
          </div>
        </PageTitle>
      </WithStyles(PageTitle)>
      <JsxParser
        allowUnknownElements={true}
        bindings={Object {}}
        blacklistedAttrs={
          Array [
            /\\^on\\.\\+/i,
          ]
        }
        blacklistedTags={
          Array [
            "script",
          ]
        }
        components={Array []}
        componentsOnly={false}
        disableFragments={false}
        jsx=""
        onError={[Function]}
        renderInWrapper={true}
        showWarnings={false}
      >
        <div
          className="jsx-parser"
        />
      </JsxParser>
    </div>
  </HelperPage>
</WithStyles(HelperPage)>
`;
